// Jest Snapshot v1, https://goo.gl/fbAQLP

exports[`App should mount properly 1`] = `null`;
